<meta charset="utf-8"><style>.-_sage i{color:#d00;font-style:normal}.-_sage u{color:#030;text-decoration:none;font-weight:bold}</style><pre class="-_sage">
<u>┌──────────────────────────────────────────────────────────────────────────────┐
│</u><u>                               __DIR__ . '...'                                </u><u>│
└──────────────────────────────────────────────────────────────────────────────┘</u>
<b>string</b> (39) <i>"/var/www/tests/../.github/img/trace.png"</i>
<u>┌──────────────────────────────────────────────────────────────────────────────┐
│</u><u>                             new SplFileInfo(...)                             </u><u>│
└──────────────────────────────────────────────────────────────────────────────┘</u>
<b>SplFileInfo</b> (0) <i>"LICENCE"</i> (
     path: <i>/var/www/LICENCE</i>
     type: <i>File</i>
     size: <i>(1101 bytes)</i>
    flags: <i>-rwxrwxrwx</i>
)
<u>════════════════════════════════════════════════════════════════════════════════</u>
<u>Called from <a href="http://localhost:8091?message=/var/www/tests/fileDisplayTest.php:41"onclick="X=new XMLHttpRequest;X.open('GET',this.href);X.send();return!1">.../tests/fileDisplayTest.php:41</a></u>
</pre>
