<html>
<head>
<meta charset="utf-8">
<script class="_sage-js">if("undefined"==typeof _sageInitialized){const r={t:[],i:-(_sageInitialized=1),o:function(e){const n=window.getSelection(),t=document.createRange();t.selectNodeContents(e),n.removeAllRanges(),n.addRange(t)},u:function(e,n){Array.prototype.slice.call(document.querySelectorAll(e),0).forEach(n)},l:function(e,n){return!!e.classList&&e.classList.contains(n=void 0===n?"_sage-show":n)},g:function(e,n){e.classList.add(n=void 0===n?"_sage-show":n)},v:function(e,n){return e.classList.remove(n=void 0===n?"_sage-show":n),e},next:function(e){for(;"dd"!==(e=e.nextElementSibling).nodeName.toLowerCase(););return e},toggle:function(e,n){var t=r.next(e);(n=void 0===n?r.l(e):n)?r.v(e):r.g(e),1===t.childNodes.length&&(t=t.childNodes[0].childNodes[0])&&r.l(t,"_sage-parent")&&r.toggle(t,n)},_:function(e,n){const t=r.next(e),i=t.getElementsByClassName("_sage-parent");let o=i.length;for(void 0===n&&(n=r.l(e));o--;)r.toggle(i[o],n);r.toggle(e,n)},p:function(e){var n=document.getElementsByClassName("_sage-parent");let t=n.length;for(var i=r.l(e.parentNode);t--;)r.toggle(n[t],i)},h:function(e){let n,t=e,i=0;for(e.parentNode.getElementsByClassName("_sage-active-tab")[0].className="",e.className="_sage-active-tab";t=t.previousSibling;)1===t.nodeType&&i++;n=e.parentNode.nextSibling.childNodes;for(let e=0;e<n.length;e++)e===i?(n[e].style.display="block",1===n[e].childNodes.length&&(t=n[e].childNodes[0].childNodes[0],r.l(t,"_sage-parent")&&r.toggle(t,!1))):n[e].style.display="none"},m:function(e){for(;(e=e.parentNode)&&!r.l(e,"_sage"););return!!e},k:function(){r.t=[],r.u("._sage nav, ._sage-tabs>li:not(._sage-active-tab)",function(e){0===e.offsetWidth&&0===e.offsetHeight||r.t.push(e)})},tag:function(e){return"<"+e+">"},C:function(e){let n;(n=window.open())&&(n.document.open(),n.document.write(r.tag("html")+r.tag("head")+"<title>Sage &#9775; ("+(new Date).toISOString()+")"+r.tag('meta charset="utf-8"')+document.getElementsByClassName("_sage-js")[0].outerHTML+document.getElementsByClassName("_sage-css")[0].outerHTML+r.tag("/head")+r.tag("body")+'<input style="width: 100%" placeholder="Take some notes!"><div class="_sage">'+e.parentNode.outerHTML+""+r.tag("/body")),n.document.close())},T:function(e,t,n){const i=e.tBodies[0],o=new Intl.Collator(void 0,{numeric:!0,sensitivity:"base"}),r=void 0===n.I?1:n.I;n.I=-1*r,[].slice.call(e.tBodies[0].rows).sort(function(e,n){return r*o.compare(e.cells[t].textContent,n.cells[t].textContent)}).forEach(function(e){i.appendChild(e)})},A:{P:function(e){var n="_sage-focused",t=document.querySelector("."+n);if(t&&r.v(t,n),-1!==e){t=r.t[e];r.g(t,n);const i=function(e){return e.offsetTop+(e.offsetParent?i(e.offsetParent):0)};n=i(t)-window.innerHeight/2;window.scrollTo(0,n)}r.i=e},F:function(e,n){return e?--n<0&&(n=r.t.length-1):++n>=r.t.length&&(n=0),r.A.P(n),!1}}};window.addEventListener("click",function(e){let n=e.target,t=n.nodeName.toLowerCase();if(r.m(n)){if("dfn"===t)r.o(n),n=n.parentNode;else if("var"===t)n=n.parentNode,t=n.nodeName.toLowerCase();else if("th"===t)return e.ctrlKey||r.T(n.parentNode.parentNode.parentNode,n.cellIndex,n),!1;if("li"===t&&"_sage-tabs"===n.parentNode.className)return"_sage-active-tab"!==n.className&&(r.h(n),-1!==r.i&&r.k()),!1;if("nav"===t)return"footer"===n.parentNode.nodeName.toLowerCase()?(n=n.parentNode,r.l(n)?r.v(n):r.g(n)):setTimeout(function(){0<parseInt(n.M,10)?n.M--:(r._(n.parentNode),-1!==r.i&&r.k())},300),e.stopPropagation(),!1;if(r.l(n,"_sage-parent"))return r.toggle(n),-1!==r.i&&r.k(),!1;if(r.l(n,"_sage-ide-link")){e.preventDefault();const i=new XMLHttpRequest;return i.open("GET",n.href),i.send(null),!1}if(r.l(n,"_sage-popup-trigger")){let e=n.parentNode;if("footer"===e.nodeName.toLowerCase())e=e.previousSibling;else for(;e&&!r.l(e,"_sage-parent");)e=e.parentNode;r.C(e)}else"pre"===t&&3===e.detail&&r.o(n)}},!1),window.addEventListener("dblclick",function(e){const n=e.target;r.m(n)&&"nav"===n.nodeName.toLowerCase()&&(n.M=2,r.p(n),-1!==r.i&&r.k(),e.stopPropagation())},!1),window.onkeydown=function(t){if(t.target===document.body&&!t.altKey&&!t.ctrlKey){var i=t.keyCode,t=t.shiftKey;let n=r.i;if(68===i)return-1===n?(r.k(),r.A.F(!1,n)):(r.A.P(-1),!1);if(-1!==n){if(9===i)return r.A.F(t,n);if(38===i)return r.A.F(!0,n);if(40===i)return r.A.F(!1,n);let e=r.t[n];if("li"===e.nodeName.toLowerCase()){if(32===i||13===i)return r.h(e),r.k(),r.A.F(!0,n);if(39===i)return r.A.F(!1,n);if(37===i)return r.A.F(!0,n)}if(e=e.parentNode,32===i||13===i)return r.toggle(e),r.k(),!1;if(39===i||37===i){t=37===i;if(r.l(e))r._(e,t);else{if(t){for(;(e=e.parentNode)&&"dd"!==e.nodeName.toLowerCase(););if(e){e=e.previousElementSibling,n=-1;for(var o=e.querySelector("nav");o!==r.t[++n];);r.A.P(n)}else e=r.t[n].parentNode}r.toggle(e,t)}return r.k(),!1}}}},window.addEventListener("load",function(e){const r=Array.prototype.slice.call(document.querySelectorAll("._sage-microtime"),0);r.forEach(function(e){var n=parseFloat(e.innerHTML);let t=1/0,i=-1/0,o;r.forEach(function(e){e=parseFloat(e.innerHTML);t>e&&(t=e),i<e&&(i=e)}),o=1-(n-t)/(i-t),e.style.background="hsl("+Math.round(120*o)+",60%,70%)"})})}
</script><style class="_sage-css">._sage::selection{background:#0092db;color:#1d1e1e}._sage::-moz-selection{background:#0092db;color:#1d1e1e}._sage::-webkit-selection{background:#0092db;color:#1d1e1e}._sage,._sage::before,._sage::after,._sage *,._sage *::before,._sage *::after{box-sizing:border-box;border-radius:0;color:#1d1e1e;float:none !important;font-family:Consolas,Menlo,Monaco,Lucida Console,Liberation Mono,DejaVu Sans Mono,Bitstream Vera Sans Mono,Courier New,monospace,serif;line-height:15px;margin:0;padding:0;text-align:left}._sage{font-size:13px;margin:8px 0;overflow-x:auto;white-space:nowrap}._sage dt{background:#e0eaef;border:1px solid #b6cedb;color:#1d1e1e;display:block;font-weight:bold;list-style:none outside none;overflow:auto;padding:4px}._sage dt:hover{border-color:#0092db}._sage dt>var{margin-right:5px}._sage>dl dl{padding:0 0 0 12px}._sage nav{background:url("data:image/png;base64,iVBORw0KGgoAAAANSUhEUgAAAA8AAAA8CAMAAACO5hB7AAAACVBMVEX///82b4tctzBls0NMAAAAQklEQVR42rWRIQ4AAAgCwf8/2qgER2BeuwJsgAqIzekMfMryPL9XQSkobE6vwKcsz/N7FfPvh09lnPf/b+7673+f0uHuAZ/EdkNQAAAAAElFTkSuQmCC") no-repeat scroll 0 0 transparent;cursor:pointer;display:inline-block;height:15px;width:15px;margin-right:3px;vertical-align:middle}._sage dt._sage-parent:hover nav{background-position:0 -15px}._sage dt._sage-parent._sage-show:hover>nav{background-position:0 -45px}._sage dt._sage-show>nav{background-position:0 -30px}._sage dt._sage-parent+dd{display:none;border-left:1px dashed #b6cedb}._sage dt._sage-parent._sage-show+dd{display:block}._sage var,._sage var a{color:#0092db;font-style:normal}._sage dt:hover var,._sage dt:hover var a{color:#5cb730}._sage dfn{font-style:normal;font-family:monospace;color:#1d1e1e}._sage pre{color:#1d1e1e;margin:0 0 0 12px;padding:5px;overflow-y:hidden;border-top:0;border:1px solid #b6cedb;background:#e0eaef;display:block;word-break:normal}._sage ._sage-popup-trigger{float:right !important;cursor:pointer;color:#0092db}._sage ._sage-popup-trigger:hover{color:#b6cedb}._sage dt._sage-parent>._sage-popup-trigger{font-size:13px}._sage footer{padding:0 3px 3px;font-size:9px}._sage footer>._sage-popup-trigger{font-size:12px}._sage footer nav{background-size:10px;height:10px;width:10px}._sage footer nav:hover{background-position:0 -10px}._sage footer>ol{display:none;margin-left:32px}._sage footer._sage-show>ol{display:block}._sage footer._sage-show nav{background-position:0 -20px}._sage footer._sage-show nav:hover{background-position:0 -30px}._sage a{color:#1d1e1e;text-shadow:none}._sage a:hover{color:#1d1e1e;border-bottom:1px dotted #1d1e1e}._sage ul{list-style:none;padding-left:12px}._sage ul:not(._sage-tabs) li{border-left:1px dashed #b6cedb}._sage ul:not(._sage-tabs) li>dl{border-left:none}._sage ul._sage-tabs{margin:0 0 0 12px;padding-left:0;background:#e0eaef;border:1px solid #b6cedb;border-top:0}._sage ul._sage-tabs li{background:#c1d4df;border:1px solid #b6cedb;cursor:pointer;display:inline-block;height:24px;margin:2px;padding:0 12px;vertical-align:top}._sage ul._sage-tabs li:hover,._sage ul._sage-tabs li._sage-active-tab:hover{border-color:#0092db;color:#5cb730}._sage ul._sage-tabs li._sage-active-tab{background:#e0eaef;border-top:0;margin-top:-1px;height:27px;line-height:24px}._sage ul._sage-tabs li:not(._sage-active-tab){line-height:20px}._sage ul._sage-tabs li+li{margin-left:0}._sage ul:not(._sage-tabs)>li:not(:first-child){display:none}._sage dt:hover+dd>ul>li._sage-active-tab{border-color:#0092db;color:#5cb730}._sage-report{border-collapse:collapse;empty-cells:show;border-spacing:0}._sage-report *{font-size:12px}._sage-report dt{background:none;padding:2px}._sage-report dt ._sage-parent{min-width:100%;overflow:hidden;text-overflow:ellipsis;white-space:nowrap}._sage-report td,._sage-report th{border:1px solid #b6cedb;padding:2px;vertical-align:center}._sage-report th{cursor:alias}._sage-report td:first-child,._sage-report th{font-weight:bold;background:#c1d4df;color:#1d1e1e}._sage-report td{background:#e0eaef;white-space:pre}._sage-report td>dl{padding:0}._sage-report pre{border-top:0;border-right:0}._sage-report th:first-child{background:none;border:0}._sage-report td._sage-empty{background:#d33682 !important}._sage-report tr:hover>td{box-shadow:0 0 1px 0 #0092db inset}._sage-report tr:hover var{color:#5cb730}._sage-report ul._sage-tabs li._sage-active-tab{height:20px;line-height:17px}._sage-trace ._sage-source{line-height:14px}._sage-trace ._sage-source span{padding-right:1px;border-right:3px inset #0092db}._sage-trace ._sage-source ._sage-highlight{background:#c1d4df}._sage-trace ._sage-parent>b{min-width:18px;display:inline-block;text-align:right;color:#1d1e1e}._sage-trace ._sage-parent>var>a{color:#0092db}._sage-focused{box-shadow:0 0 3px 2px #5cb730}._sage-microtime,._sage-color-preview{box-shadow:0 0 2px 0 #b6cedb;height:16px;text-align:center;text-shadow:-1px 0 #839496,0 1px #839496,1px 0 #839496,0 -1px #839496;width:230px;color:#fdf6e3}._sage footer li{color:#ddd}._sage>dl>dt{background:linear-gradient(to bottom, #e3ecf0 0, #c0d4df 100%)}._sage ul._sage-tabs{background:linear-gradient(to bottom, #9dbed0 0, #b2ccda 100%)}._sage>dl:not(._sage-trace)>dd>ul._sage-tabs li{background:#e0eaef}._sage>dl:not(._sage-trace)>dd>ul._sage-tabs li._sage-active-tab{background:#c1d4df}._sage>dl._sage-trace>dt{background:linear-gradient(to bottom, #c0d4df 0, #e3ecf0 100%)}._sage ._sage-source ._sage-highlight{background:#f0eb96}</style>
</head>
<body><div class="_sage">
<dl><dt>
<var>string</var>(7) "LICENCE"</dt></dl>
<dl><dt>
<dfn>__FILE__</dfn> <var>string</var>(38) "/var/www/tests/all/fileDisplayTest.php"</dt></dl>
<dl><dt>
<dfn>getcwd()</dfn> <var>string</var>(8) "/var/www"</dt></dl>
<dl><dt>
<dfn>__DIR__</dfn> <var>string</var>(18) "/var/www/tests/all"</dt></dl>
<dl><dt>
<dfn>__DIR__ . '...'</dfn> <var>string</var>(43) "/var/www/tests/all/../.github/img/trace.png"</dt></dl>
<dl><dt>
<dfn>new SplFileInfo(...)</dfn> <var>SplFileInfo</var>(0) </dt></dl>
<dl><dt>
<dfn>new SplFileInfo(...)</dfn> <var>SplFileInfo</var>(0) </dt></dl>
<dl><dt>
<dfn>new SplFileInfo(...)</dfn> <var>SplFileInfo</var>(0) </dt></dl>
<dl><dt>
<dfn>new SplFileInfo(...)</dfn> <var>SplFileInfo</var>(0) </dt></dl>
<footer><span class="_sage-popup-trigger" title="Open in new window">&rarr;</span> <nav></nav>Called from <a class="_sage-ide-link" href="http://localhost:8091?message=/var/www/tests/all/fileDisplayTest.php:17">.../tests/all/fileDisplayTest.php:17</a> [P\Tests\all\fileDisplayTest-&gt;{closure}()]<ol>
<li>
<a class="_sage-ide-link" href="http://localhost:8091?message=/var/www/vendor/pestphp/pest/src/Factories/TestCaseFactory.php:151">.../vendor/pestphp/pest/src/Factories/TestCaseFactory.php:151</a> [call_user_func()]</li>
<li>
<a class="_sage-ide-link" href="http://localhost:8091?message=/var/www/vendor/pestphp/pest/src/Concerns/Testable.php:299">.../vendor/pestphp/pest/src/Concerns/Testable.php:299</a> [call_user_func_array()]</li>
<li>
<a class="_sage-ide-link" href="http://localhost:8091?message=/var/www/vendor/pestphp/pest/src/Support/ExceptionTrace.php:29">.../vendor/pestphp/pest/src/Support/ExceptionTrace.php:29</a> [P\Tests\all\fileDisplayTest-&gt;Pest\Concerns\{closure}()]</li>
<li>
<a class="_sage-ide-link" href="http://localhost:8091?message=/var/www/vendor/pestphp/pest/src/Concerns/Testable.php:300">.../vendor/pestphp/pest/src/Concerns/Testable.php:300</a> [Pest\Support\ExceptionTrace::ensure()]</li>
<li>
<a class="_sage-ide-link" href="http://localhost:8091?message=/var/www/vendor/pestphp/pest/src/Concerns/Testable.php:276">.../vendor/pestphp/pest/src/Concerns/Testable.php:276</a> [P\Tests\all\fileDisplayTest-&gt;__callClosure()]</li>
<li>
<a class="_sage-ide-link" href="http://localhost:8091?message=/var/www/vendor/phpunit/phpunit/src/Framework/TestCase.php:1545">.../vendor/phpunit/phpunit/src/Framework/TestCase.php:1545</a> [P\Tests\all\fileDisplayTest-&gt;__test()]</li>
<li>
<a class="_sage-ide-link" href="http://localhost:8091?message=/var/www/vendor/phpunit/phpunit/src/Framework/TestCase.php:1151">.../vendor/phpunit/phpunit/src/Framework/TestCase.php:1151</a> [PHPUnit\Framework\TestCase-&gt;runTest()]</li>
<li>
<a class="_sage-ide-link" href="http://localhost:8091?message=/var/www/vendor/phpunit/phpunit/src/Framework/TestResult.php:726">.../vendor/phpunit/phpunit/src/Framework/TestResult.php:726</a> [PHPUnit\Framework\TestCase-&gt;runBare()]</li>
<li>
<a class="_sage-ide-link" href="http://localhost:8091?message=/var/www/vendor/phpunit/phpunit/src/Framework/TestCase.php:903">.../vendor/phpunit/phpunit/src/Framework/TestCase.php:903</a> [PHPUnit\Framework\TestResult-&gt;run()]</li>
<li>
<a class="_sage-ide-link" href="http://localhost:8091?message=/var/www/vendor/phpunit/phpunit/src/Framework/TestSuite.php:670">.../vendor/phpunit/phpunit/src/Framework/TestSuite.php:670</a> [PHPUnit\Framework\TestCase-&gt;run()]</li>
<li>
<a class="_sage-ide-link" href="http://localhost:8091?message=/var/www/vendor/phpunit/phpunit/src/Framework/TestSuite.php:670">.../vendor/phpunit/phpunit/src/Framework/TestSuite.php:670</a> [PHPUnit\Framework\TestSuite-&gt;run()]</li>
<li>
<a class="_sage-ide-link" href="http://localhost:8091?message=/var/www/vendor/phpunit/phpunit/src/TextUI/TestRunner.php:673">.../vendor/phpunit/phpunit/src/TextUI/TestRunner.php:673</a> [PHPUnit\Framework\TestSuite-&gt;run()]</li>
<li>
<a class="_sage-ide-link" href="http://localhost:8091?message=/var/www/vendor/phpunit/phpunit/src/TextUI/Command.php:143">.../vendor/phpunit/phpunit/src/TextUI/Command.php:143</a> [PHPUnit\TextUI\TestRunner-&gt;run()]</li>
<li>
<a class="_sage-ide-link" href="http://localhost:8091?message=/var/www/vendor/pestphp/pest/src/Console/Command.php:117">.../vendor/pestphp/pest/src/Console/Command.php:117</a> [PHPUnit\TextUI\Command-&gt;run()]</li>
<li>
<a class="_sage-ide-link" href="http://localhost:8091?message=/var/www/vendor/pestphp/pest/bin/pest:62">.../vendor/pestphp/pest/bin/pest:62</a> [Pest\Console\Command-&gt;run()]</li>
<li>
<a class="_sage-ide-link" href="http://localhost:8091?message=/var/www/vendor/pestphp/pest/bin/pest:63">.../vendor/pestphp/pest/bin/pest:63</a> [{closure}()]</li>
<li><a class="_sage-ide-link" href="http://localhost:8091?message=/var/www/vendor/bin/pest:120">.../vendor/bin/pest:120</a></li>
</ol></footer>
</div></body>
</html>
